// Jest Snapshot v1, https://goo.gl/fbAQLP

exports[`Field Warning should not render with error and touched 1`] = `
<div
  className="form-error"
>
  Name is Required
</div>
`;

exports[`Field Warning should not render without error and touched 1`] = `null`;
